RAM Allocation [bytes]
Variable                                                                          Address   Size
------------------------------------------------------------------------------------------------
glcd_state                                                                        0x0545      29
keypad                                                                            0x0562      18
x                                                                                 0x0574    1000
y                                                                                 0x095C    1000
tempx                                                                             0x0D44       2
tempy                                                                             0x0D46       2
xx                                                                                0x0D48       2
yy                                                                                0x0D4A       2
speed                                                                             0x0D4C       2
score                                                                             0x0D4E       2
xegg                                                                              0x0D50       8
yegg                                                                              0x0D58       8
gfx_addr                                                                          0x0D60       2
gfx_buffer                                                                        0x0D62     504
_seed                                                                             0x0F5A       4

EEPROM Allocation [bytes]
Variable                                                                          Address   Size
------------------------------------------------------------------------------------------------

Register Allocation
Variable                                                                          Register  Size
------------------------------------------------------------------------------------------------
dl                                                                                R5           1
dr                                                                                R4           1
du                                                                                R7           1
dd                                                                                R6           1
isOff                                                                             R9           1
i                                                                                 R10,R11      2
slength                                                                           R12,R13      2

FLASH Allocation [words]
Function                                                                          Address   Size
------------------------------------------------------------------------------------------------
BUTTON                                                                            0x001D1     88
draw_egg                                                                          0x00229    124
check_egg                                                                         0x002A5     67
draw_snake                                                                        0x002E8     26
setup                                                                             0x00302     49
move_snake                                                                        0x00333    225
direct                                                                            0x00414     82
menu                                                                              0x00466    111
main                                                                              0x004D5     39
pcd8544_delay_G100                                                                0x004FC      1
pcd8544_wrbus_G100                                                                0x004FD     46
pcd8544_wrcmd                                                                     0x0052B      9
pcd8544_wrdata_G100                                                               0x00534      9
pcd8544_setaddr_G100                                                              0x0053D     23
pcd8544_gotoxy                                                                    0x00554     14
pcd8544_rdbyte                                                                    0x00562     14
pcd8544_wrbyte                                                                    0x00570      7
glcd_init                                                                         0x00577    156
glcd_display                                                                      0x00613     11
glcd_clear                                                                        0x0061E     30
glcd_putpixel                                                                     0x0063C     38
pcd8544_wrmasked_G100                                                             0x00662     57
glcd_block                                                                        0x0069B    481
glcd_clipx                                                                        0x0087C     23
glcd_clipy                                                                        0x00893     21
glcd_setpixel                                                                     0x008A8     10
glcd_clrpixel                                                                     0x008B2     10
glcd_getcharw_G101                                                                0x008BC    111
glcd_new_line_G101                                                                0x0092B     20
glcd_putchar                                                                      0x0093F     98
glcd_outtextxy                                                                    0x009A1     16
glcd_outtext                                                                      0x009B1     12
glcd_moveto                                                                       0x009BD     13
rand                                                                              0x009CA     29
memset                                                                            0x009E7     16
glcd_getmask                                                                      0x009F7     11
glcd_mappixcolor1bit                                                              0x00A02     40
glcd_readmem                                                                      0x00A2A     31
glcd_writemem                                                                     0x00A49     31
