RAM Allocation [bytes]
Variable                                                                          Address   Size
------------------------------------------------------------------------------------------------
glcd_state                                                                        0x0518      29
gfx_addr                                                                          0x0535       2
gfx_buffer                                                                        0x0537     504
_seed                                                                             0x072F       4

EEPROM Allocation [bytes]
Variable                                                                          Address   Size
------------------------------------------------------------------------------------------------

Register Allocation
Variable                                                                          Register  Size
------------------------------------------------------------------------------------------------

FLASH Allocation [words]
Function                                                                          Address   Size
------------------------------------------------------------------------------------------------
main                                                                              0x00189     59
pcd8544_delay_G100                                                                0x001C4      1
pcd8544_wrbus_G100                                                                0x001C5     46
pcd8544_wrcmd                                                                     0x001F3      9
pcd8544_wrdata_G100                                                               0x001FC      9
pcd8544_setaddr_G100                                                              0x00205     23
pcd8544_gotoxy                                                                    0x0021C     14
pcd8544_rdbyte                                                                    0x0022A     14
pcd8544_wrbyte                                                                    0x00238      7
glcd_init                                                                         0x0023F    156
glcd_display                                                                      0x002DB     11
glcd_clear                                                                        0x002E6     30
pcd8544_wrmasked_G100                                                             0x00304     57
glcd_block                                                                        0x0033D    481
glcd_clipx                                                                        0x0051E     18
glcd_clipy                                                                        0x00530     16
glcd_getcharw_G101                                                                0x00540    111
glcd_new_line_G101                                                                0x005AF     20
glcd_putchar                                                                      0x005C3     98
glcd_outtext                                                                      0x00625     16
glcd_moveto                                                                       0x00635     12
memset                                                                            0x00641     16
glcd_getmask                                                                      0x00651     11
glcd_mappixcolor1bit                                                              0x0065C     40
glcd_readmem                                                                      0x00684     31
glcd_writemem                                                                     0x006A3     31
